MSBuild version 17.14.23+b0019275e for .NET Framework

  1>Checking Build System
  Building Custom Rule C:/Users/danny/traceyv2/deps/glm/glm/CMakeLists.txt
  glm.cpp
  glm.vcxproj -> C:\Users\danny\traceyv2\build\windows-debug\deps\glm\glm\Debug\glm.lib
  Building Custom Rule C:/Users/danny/traceyv2/deps/volk/CMakeLists.txt
  volk.c
  volk.vcxproj -> C:\Users\danny\traceyv2\build\windows-debug\deps\volk\Debug\volk.lib
  Building Custom Rule C:/Users/danny/traceyv2/CMakeLists.txt
  blas.cpp
C:\Users\danny\traceyv2\src\core\blas.cpp(22,54): warning C4267: 'argument': conversion from 'size_t' to 'uint32_t', possible loss of data [C:\Users\danny\traceyv2\build\windows-debug\tracey.vcxproj]
C:\Users\danny\traceyv2\src\core\blas.cpp(23,54): warning C4267: 'argument': conversion from 'size_t' to 'uint32_t', possible loss of data [C:\Users\danny\traceyv2\build\windows-debug\tracey.vcxproj]
C:\Users\danny\traceyv2\src\core\blas.cpp(24,54): warning C4267: 'argument': conversion from 'size_t' to 'uint32_t', possible loss of data [C:\Users\danny\traceyv2\build\windows-debug\tracey.vcxproj]
C:\Users\danny\traceyv2\src\core\blas.cpp(275,22): error C2131: expression did not evaluate to a constant [C:\Users\danny\traceyv2\build\windows-debug\tracey.vcxproj]
      C:\Users\danny\traceyv2\src\core\blas.cpp(240,31):
      failure was caused by a read of a variable outside its lifetime
      C:\Users\danny\traceyv2\src\core\blas.cpp(240,31):
      see usage of 'this'
  
C:\Users\danny\traceyv2\src\core\blas.cpp(297,27): error C2131: expression did not evaluate to a constant [C:\Users\danny\traceyv2\build\windows-debug\tracey.vcxproj]
      C:\Users\danny\traceyv2\src\core\blas.cpp(240,31):
      failure was caused by a read of a variable outside its lifetime
      C:\Users\danny\traceyv2\src\core\blas.cpp(240,31):
      see usage of 'this'
  
C:\Users\danny\traceyv2\src\core\blas.cpp(298,26): error C2131: expression did not evaluate to a constant [C:\Users\danny\traceyv2\build\windows-debug\tracey.vcxproj]
      C:\Users\danny\traceyv2\src\core\blas.cpp(240,31):
      failure was caused by a read of a variable outside its lifetime
      C:\Users\danny\traceyv2\src\core\blas.cpp(240,31):
      see usage of 'this'
  
C:\Users\danny\traceyv2\src\core\blas.cpp(299,26): error C2131: expression did not evaluate to a constant [C:\Users\danny\traceyv2\build\windows-debug\tracey.vcxproj]
      C:\Users\danny\traceyv2\src\core\blas.cpp(240,31):
      failure was caused by a read of a variable outside its lifetime
      C:\Users\danny\traceyv2\src\core\blas.cpp(240,31):
      see usage of 'this'
  
C:\Users\danny\traceyv2\src\core\blas.cpp(301,28): error C2131: expression did not evaluate to a constant [C:\Users\danny\traceyv2\build\windows-debug\tracey.vcxproj]
      C:\Users\danny\traceyv2\src\core\blas.cpp(240,31):
      failure was caused by a read of a variable outside its lifetime
      C:\Users\danny\traceyv2\src\core\blas.cpp(240,31):
      see usage of 'this'
  
C:\Users\danny\traceyv2\src\core\blas.cpp(302,27): error C2131: expression did not evaluate to a constant [C:\Users\danny\traceyv2\build\windows-debug\tracey.vcxproj]
      C:\Users\danny\traceyv2\src\core\blas.cpp(240,31):
      failure was caused by a read of a variable outside its lifetime
      C:\Users\danny\traceyv2\src\core\blas.cpp(240,31):
      see usage of 'this'
  
C:\Users\danny\traceyv2\src\core\blas.cpp(303,27): error C2131: expression did not evaluate to a constant [C:\Users\danny\traceyv2\build\windows-debug\tracey.vcxproj]
      C:\Users\danny\traceyv2\src\core\blas.cpp(240,31):
      failure was caused by a read of a variable outside its lifetime
      C:\Users\danny\traceyv2\src\core\blas.cpp(240,31):
      see usage of 'this'
  
C:\Users\danny\traceyv2\src\core\blas.cpp(314,39): error C2672: 'glm::min': no matching overloaded function found [C:\Users\danny\traceyv2\build\windows-debug\tracey.vcxproj]
      C:\Users\danny\traceyv2\deps\glm\glm\ext\scalar_common.hpp(42,19):
      could be 'T glm::min(T,T,T,T)'
          C:\Users\danny\traceyv2\src\core\blas.cpp(314,39):
          'T glm::min(T,T,T,T)': expects 4 arguments - 1 provided
      C:\Users\danny\traceyv2\deps\glm\glm\ext\scalar_common.hpp(34,19):
      or       'T glm::min(T,T,T)'
          C:\Users\danny\traceyv2\src\core\blas.cpp(314,39):
          'T glm::min(T,T,T)': expects 3 arguments - 1 provided
      C:\Users\danny\traceyv2\deps\glm\glm\common.hpp(199,43):
      or       'glm::vec<L,T,Q> glm::min(const glm::vec<L,T,Q> &,const glm::vec<L,T,Q> &)'
          C:\Users\danny\traceyv2\src\core\blas.cpp(314,39):
          'glm::vec<L,T,Q> glm::min(const glm::vec<L,T,Q> &,const glm::vec<L,T,Q> &)': expects 2 arguments - 1 provided
      C:\Users\danny\traceyv2\deps\glm\glm\common.hpp(188,43):
      or       'glm::vec<L,T,Q> glm::min(const glm::vec<L,T,Q> &,T)'
          C:\Users\danny\traceyv2\src\core\blas.cpp(314,39):
          'glm::vec<L,T,Q> glm::min(const glm::vec<L,T,Q> &,T)': expects 2 arguments - 1 provided
      C:\Users\danny\traceyv2\deps\glm\glm\common.hpp(177,38):
      or       'genType glm::min(genType,genType)'
          C:\Users\danny\traceyv2\src\core\blas.cpp(314,39):
          'genType glm::min(genType,genType)': expects 2 arguments - 1 provided
  
C:\Users\danny\traceyv2\src\core\blas.cpp(315,39): error C2672: 'glm::max': no matching overloaded function found [C:\Users\danny\traceyv2\build\windows-debug\tracey.vcxproj]
      C:\Users\danny\traceyv2\deps\glm\glm\ext\scalar_common.hpp(58,19):
      could be 'T glm::max(T,T,T,T)'
          C:\Users\danny\traceyv2\src\core\blas.cpp(315,39):
          'T glm::max(T,T,T,T)': expects 4 arguments - 1 provided
      C:\Users\danny\traceyv2\deps\glm\glm\ext\scalar_common.hpp(50,19):
      or       'T glm::max(T,T,T)'
          C:\Users\danny\traceyv2\src\core\blas.cpp(315,39):
          'T glm::max(T,T,T)': expects 3 arguments - 1 provided
      C:\Users\danny\traceyv2\deps\glm\glm\common.hpp(230,43):
      or       'glm::vec<L,T,Q> glm::max(const glm::vec<L,T,Q> &,const glm::vec<L,T,Q> &)'
          C:\Users\danny\traceyv2\src\core\blas.cpp(315,39):
          'glm::vec<L,T,Q> glm::max(const glm::vec<L,T,Q> &,const glm::vec<L,T,Q> &)': expects 2 arguments - 1 provided
      C:\Users\danny\traceyv2\deps\glm\glm\common.hpp(219,43):
      or       'glm::vec<L,T,Q> glm::max(const glm::vec<L,T,Q> &,T)'
          C:\Users\danny\traceyv2\src\core\blas.cpp(315,39):
          'glm::vec<L,T,Q> glm::max(const glm::vec<L,T,Q> &,T)': expects 2 arguments - 1 provided
      C:\Users\danny\traceyv2\deps\glm\glm\common.hpp(208,38):
      or       'genType glm::max(genType,genType)'
          C:\Users\danny\traceyv2\src\core\blas.cpp(315,39):
          'genType glm::max(genType,genType)': expects 2 arguments - 1 provided
  
C:\Users\danny\traceyv2\src\core\blas.cpp(317,30): error C3863: array type 'int [BIN_COUNT]' is not assignable [C:\Users\danny\traceyv2\build\windows-debug\tracey.vcxproj]
C:\Users\danny\traceyv2\src\core\blas.cpp(318,28): error C3863: array type 'tracey::Vec3 [BIN_COUNT]' is not assignable [C:\Users\danny\traceyv2\build\windows-debug\tracey.vcxproj]
C:\Users\danny\traceyv2\src\core\blas.cpp(319,28): error C3863: array type 'tracey::Vec3 [BIN_COUNT]' is not assignable [C:\Users\danny\traceyv2\build\windows-debug\tracey.vcxproj]
C:\Users\danny\traceyv2\src\core\blas.cpp(331,39): error C2672: 'glm::min': no matching overloaded function found [C:\Users\danny\traceyv2\build\windows-debug\tracey.vcxproj]
      C:\Users\danny\traceyv2\deps\glm\glm\ext\scalar_common.hpp(42,19):
      could be 'T glm::min(T,T,T,T)'
          C:\Users\danny\traceyv2\src\core\blas.cpp(331,39):
          'T glm::min(T,T,T,T)': expects 4 arguments - 1 provided
      C:\Users\danny\traceyv2\deps\glm\glm\ext\scalar_common.hpp(34,19):
      or       'T glm::min(T,T,T)'
          C:\Users\danny\traceyv2\src\core\blas.cpp(331,39):
          'T glm::min(T,T,T)': expects 3 arguments - 1 provided
      C:\Users\danny\traceyv2\deps\glm\glm\common.hpp(199,43):
      or       'glm::vec<L,T,Q> glm::min(const glm::vec<L,T,Q> &,const glm::vec<L,T,Q> &)'
          C:\Users\danny\traceyv2\src\core\blas.cpp(331,39):
          'glm::vec<L,T,Q> glm::min(const glm::vec<L,T,Q> &,const glm::vec<L,T,Q> &)': expects 2 arguments - 1 provided
      C:\Users\danny\traceyv2\deps\glm\glm\common.hpp(188,43):
      or       'glm::vec<L,T,Q> glm::min(const glm::vec<L,T,Q> &,T)'
          C:\Users\danny\traceyv2\src\core\blas.cpp(331,39):
          'glm::vec<L,T,Q> glm::min(const glm::vec<L,T,Q> &,T)': expects 2 arguments - 1 provided
      C:\Users\danny\traceyv2\deps\glm\glm\common.hpp(177,38):
      or       'genType glm::min(genType,genType)'
          C:\Users\danny\traceyv2\src\core\blas.cpp(331,39):
          'genType glm::min(genType,genType)': expects 2 arguments - 1 provided
  
C:\Users\danny\traceyv2\src\core\blas.cpp(332,39): error C2672: 'glm::max': no matching overloaded function found [C:\Users\danny\traceyv2\build\windows-debug\tracey.vcxproj]
      C:\Users\danny\traceyv2\deps\glm\glm\ext\scalar_common.hpp(58,19):
      could be 'T glm::max(T,T,T,T)'
          C:\Users\danny\traceyv2\src\core\blas.cpp(332,39):
          'T glm::max(T,T,T,T)': expects 4 arguments - 1 provided
      C:\Users\danny\traceyv2\deps\glm\glm\ext\scalar_common.hpp(50,19):
      or       'T glm::max(T,T,T)'
          C:\Users\danny\traceyv2\src\core\blas.cpp(332,39):
          'T glm::max(T,T,T)': expects 3 arguments - 1 provided
      C:\Users\danny\traceyv2\deps\glm\glm\common.hpp(230,43):
      or       'glm::vec<L,T,Q> glm::max(const glm::vec<L,T,Q> &,const glm::vec<L,T,Q> &)'
          C:\Users\danny\traceyv2\src\core\blas.cpp(332,39):
          'glm::vec<L,T,Q> glm::max(const glm::vec<L,T,Q> &,const glm::vec<L,T,Q> &)': expects 2 arguments - 1 provided
      C:\Users\danny\traceyv2\deps\glm\glm\common.hpp(219,43):
      or       'glm::vec<L,T,Q> glm::max(const glm::vec<L,T,Q> &,T)'
          C:\Users\danny\traceyv2\src\core\blas.cpp(332,39):
          'glm::vec<L,T,Q> glm::max(const glm::vec<L,T,Q> &,T)': expects 2 arguments - 1 provided
      C:\Users\danny\traceyv2\deps\glm\glm\common.hpp(208,38):
      or       'genType glm::max(genType,genType)'
          C:\Users\danny\traceyv2\src\core\blas.cpp(332,39):
          'genType glm::max(genType,genType)': expects 2 arguments - 1 provided
  
C:\Users\danny\traceyv2\src\core\blas.cpp(334,31): error C3863: array type 'int [BIN_COUNT]' is not assignable [C:\Users\danny\traceyv2\build\windows-debug\tracey.vcxproj]
C:\Users\danny\traceyv2\src\core\blas.cpp(335,29): error C3863: array type 'tracey::Vec3 [BIN_COUNT]' is not assignable [C:\Users\danny\traceyv2\build\windows-debug\tracey.vcxproj]
C:\Users\danny\traceyv2\src\core\blas.cpp(336,29): error C3863: array type 'tracey::Vec3 [BIN_COUNT]' is not assignable [C:\Users\danny\traceyv2\build\windows-debug\tracey.vcxproj]
  tlas.cpp
  intersect.cpp
  trace.cpp
  sampling.cpp
  pbr_bsdf.cpp
C:\Users\danny\traceyv2\src\shading\bsdf\pbr\pbr_bsdf.cpp(178,53): warning C4100: 'V': unreferenced parameter [C:\Users\danny\traceyv2\build\windows-debug\tracey.vcxproj]
  actor.cpp
  scene.cpp
  scene_object.cpp
  material_instance.cpp
  scene_instance.cpp
  scene_loader.cpp
  scene_compiler.cpp
C:\Users\danny\traceyv2\src\scene\scene_compiler.cpp(223,34): warning C4267: 'argument': conversion from 'size_t' to 'uint32_t', possible loss of data [C:\Users\danny\traceyv2\build\windows-debug\tracey.vcxproj]
C:\Users\danny\traceyv2\src\scene\scene_compiler.cpp(258,60): warning C4100: 'scene': unreferenced parameter [C:\Users\danny\traceyv2\build\windows-debug\tracey.vcxproj]
  gltf_loader.cpp
  camera.cpp
  path_tracer.cpp
C:\Users\danny\traceyv2\src\rendering\path_tracer.cpp(36,55): warning C4267: 'argument': conversion from 'size_t' to 'uint32_t', possible loss of data [C:\Users\danny\traceyv2\build\windows-debug\tracey.vcxproj]
  post_processing.cpp
  graph.cpp
  node.cpp
  output_node.cpp
  Generating Code...
  Compiling...
  shader_graph.cpp
  shader_graph_node.cpp
  vulkan_context.cpp
  device.cpp
C:\Users\danny\traceyv2\src\device\device.cpp(19,57): warning C4100: 'backend': unreferenced parameter [C:\Users\danny\traceyv2\build\windows-debug\tracey.vcxproj]
  vulkan_compute_device.cpp
C:\Users\danny\traceyv2\src\device\gpu\vulkan_compute_top_level_acceleration_structure.hpp(42,18): error C3646: 'rootNodeIndex': unknown override specifier [C:\Users\danny\traceyv2\build\windows-debug\tracey.vcxproj]
  (compiling source file '../../src/device/gpu/vulkan_compute_device.cpp')
  
C:\Users\danny\traceyv2\src\device\gpu\vulkan_compute_top_level_acceleration_structure.hpp(42,13): error C4430: missing type specifier - int assumed. Note: C++ does not support default-int [C:\Users\danny\traceyv2\build\windows-debug\tracey.vcxproj]
  (compiling source file '../../src/device/gpu/vulkan_compute_device.cpp')
  
C:\Users\danny\traceyv2\src\device\gpu\vulkan_compute_top_level_acceleration_structure.hpp(43,18): error C3646: 'triangleCount': unknown override specifier [C:\Users\danny\traceyv2\build\windows-debug\tracey.vcxproj]
  (compiling source file '../../src/device/gpu/vulkan_compute_device.cpp')
  
C:\Users\danny\traceyv2\src\device\gpu\vulkan_compute_top_level_acceleration_structure.hpp(43,13): error C4430: missing type specifier - int assumed. Note: C++ does not support default-int [C:\Users\danny\traceyv2\build\windows-debug\tracey.vcxproj]
  (compiling source file '../../src/device/gpu/vulkan_compute_device.cpp')
  
C:\Users\danny\traceyv2\src\device\gpu\vulkan_compute_top_level_acceleration_structure.hpp(44,18): error C3646: 'triangleOffset': unknown override specifier [C:\Users\danny\traceyv2\build\windows-debug\tracey.vcxproj]
  (compiling source file '../../src/device/gpu/vulkan_compute_device.cpp')
  
C:\Users\danny\traceyv2\src\device\gpu\vulkan_compute_top_level_acceleration_structure.hpp(44,13): error C4430: missing type specifier - int assumed. Note: C++ does not support default-int [C:\Users\danny\traceyv2\build\windows-debug\tracey.vcxproj]
  (compiling source file '../../src/device/gpu/vulkan_compute_device.cpp')
  
C:\Users\danny\traceyv2\src\device\gpu\vulkan_compute_top_level_acceleration_structure.hpp(45,18): error C3646: 'padding0': unknown override specifier [C:\Users\danny\traceyv2\build\windows-debug\tracey.vcxproj]
  (compiling source file '../../src/device/gpu/vulkan_compute_device.cpp')
  
C:\Users\danny\traceyv2\src\device\gpu\vulkan_compute_top_level_acceleration_structure.hpp(45,13): error C4430: missing type specifier - int assumed. Note: C++ does not support default-int [C:\Users\danny\traceyv2\build\windows-debug\tracey.vcxproj]
  (compiling source file '../../src/device/gpu/vulkan_compute_device.cpp')
  
C:\Users\danny\traceyv2\src\device\gpu\vulkan_compute_device.cpp(22,45): error C2079: 'poolSizes' uses undefined class 'std::array<VkDescriptorPoolSize,6>' [C:\Users\danny\traceyv2\build\windows-debug\tracey.vcxproj]
C:\Users\danny\traceyv2\src\device\gpu\vulkan_compute_device.cpp(23,20): error C2109: subscript requires array or pointer type [C:\Users\danny\traceyv2\build\windows-debug\tracey.vcxproj]
C:\Users\danny\traceyv2\src\device\gpu\vulkan_compute_device.cpp(24,20): error C2109: subscript requires array or pointer type [C:\Users\danny\traceyv2\build\windows-debug\tracey.vcxproj]
C:\Users\danny\traceyv2\src\device\gpu\vulkan_compute_device.cpp(25,20): error C2109: subscript requires array or pointer type [C:\Users\danny\traceyv2\build\windows-debug\tracey.vcxproj]
C:\Users\danny\traceyv2\src\device\gpu\vulkan_compute_device.cpp(26,20): error C2109: subscript requires array or pointer type [C:\Users\danny\traceyv2\build\windows-debug\tracey.vcxproj]
C:\Users\danny\traceyv2\src\device\gpu\vulkan_compute_device.cpp(27,20): error C2109: subscript requires array or pointer type [C:\Users\danny\traceyv2\build\windows-debug\tracey.vcxproj]
C:\Users\danny\traceyv2\src\device\gpu\vulkan_compute_device.cpp(28,20): error C2109: subscript requires array or pointer type [C:\Users\danny\traceyv2\build\windows-debug\tracey.vcxproj]
C:\Users\danny\traceyv2\src\device\gpu\vulkan_compute_device.cpp(29,20): error C2109: subscript requires array or pointer type [C:\Users\danny\traceyv2\build\windows-debug\tracey.vcxproj]
C:\Users\danny\traceyv2\src\device\gpu\vulkan_compute_device.cpp(30,20): error C2109: subscript requires array or pointer type [C:\Users\danny\traceyv2\build\windows-debug\tracey.vcxproj]
C:\Users\danny\traceyv2\src\device\gpu\vulkan_compute_device.cpp(31,20): error C2109: subscript requires array or pointer type [C:\Users\danny\traceyv2\build\windows-debug\tracey.vcxproj]
C:\Users\danny\traceyv2\src\device\gpu\vulkan_compute_device.cpp(32,20): error C2109: subscript requires array or pointer type [C:\Users\danny\traceyv2\build\windows-debug\tracey.vcxproj]
C:\Users\danny\traceyv2\src\device\gpu\vulkan_compute_device.cpp(33,20): error C2109: subscript requires array or pointer type [C:\Users\danny\traceyv2\build\windows-debug\tracey.vcxproj]
C:\Users\danny\traceyv2\src\device\gpu\vulkan_compute_device.cpp(34,20): error C2109: subscript requires array or pointer type [C:\Users\danny\traceyv2\build\windows-debug\tracey.vcxproj]
  vulkan_buffer.cpp
C:\Users\danny\traceyv2\src\device\gpu\vulkan_buffer.cpp(29,33): error C2079: 'queueFamilyIndices' uses undefined class 'std::array<uint32_t,1>' [C:\Users\danny\traceyv2\build\windows-debug\tracey.vcxproj]
C:\Users\danny\traceyv2\src\device\gpu\vulkan_buffer.cpp(29,54): error C2397: conversion from 'uint32_t' to '<error type>' requires a narrowing conversion [C:\Users\danny\traceyv2\build\windows-debug\tracey.vcxproj]
  vulkan_image_2d.cpp
  vulkan_compute_bottom_level_accelerations_structure.cpp
C:\Program Files\Microsoft Visual Studio\2022\Professional\VC\Tools\MSVC\14.44.35207\include\xutility(462,85): warning C4267: 'argument': conversion from 'size_t' to 'uint32_t', possible loss of data [C:\Users\danny\traceyv2\build\windows-debug\tracey.vcxproj]
  (compiling source file '../../src/device/gpu/vulkan_compute_bottom_level_accelerations_structure.cpp')
      C:\Program Files\Microsoft Visual Studio\2022\Professional\VC\Tools\MSVC\14.44.35207\include\xutility(462,85):
      the template instantiation context (the oldest one first) is
          C:\Users\danny\traceyv2\src\device\gpu\vulkan_compute_bottom_level_accelerations_structure.cpp(14,20):
          see reference to function template instantiation '_Ty &std::optional<_Ty>::emplace<const std::span<const float,18446744073709551615>&,const size_t&,const std::nullopt_t&,const tracey::BVHConfig&>(const std::span<const float,18446744073709551615> &,const size_t &,const std::nullopt_t &,const tracey::BVHConfig &) noexcept(false)' being compiled
          with
          [
              _Ty=tracey::Blas
          ]
              C:\Users\danny\traceyv2\src\device\gpu\vulkan_compute_bottom_level_accelerations_structure.cpp(14,27):
              see the first reference to 'std::optional<tracey::Blas>::emplace' in 'tracey::VulkanComputeBottomLevelAccelerationStructure::VulkanComputeBottomLevelAccelerationStructure'
          C:\Program Files\Microsoft Visual Studio\2022\Professional\VC\Tools\MSVC\14.44.35207\include\optional(354,22):
          see reference to function template instantiation '_Ty &std::_Optional_construct_base<_Ty>::_Construct<const std::span<const float,18446744073709551615>&,const size_t&,const std::nullopt_t&,const tracey::BVHConfig&>(const std::span<const float,18446744073709551615> &,const size_t &,const std::nullopt_t &,const tracey::BVHConfig &) noexcept(false)' being compiled
          with
          [
              _Ty=tracey::Blas
          ]
          C:\Program Files\Microsoft Visual Studio\2022\Professional\VC\Tools\MSVC\14.44.35207\include\optional(156,14):
          see reference to function template instantiation 'void std::_Construct_in_place<tracey::Blas,const std::span<const float,18446744073709551615>&,const size_t&,const std::nullopt_t&,const tracey::BVHConfig&>(_Ty &,const std::span<const float,18446744073709551615> &,const size_t &,const std::nullopt_t &,const tracey::BVHConfig &) noexcept(false)' being compiled
          with
          [
              _Ty=tracey::Blas
          ]
          C:\Program Files\Microsoft Visual Studio\2022\Professional\VC\Tools\MSVC\14.44.35207\include\xutility(472,14):
          see reference to function template instantiation '_Ty *std::construct_at<_Ty,const std::span<const float,18446744073709551615>&,const size_t&,const std::nullopt_t&,const tracey::BVHConfig&>(_Ty *const ,const std::span<const float,18446744073709551615> &,const size_t &,const std::nullopt_t &,const tracey::BVHConfig &) noexcept(<expr>)' being compiled
          with
          [
              _Ty=tracey::Blas
          ]
  
C:\Program Files\Microsoft Visual Studio\2022\Professional\VC\Tools\MSVC\14.44.35207\include\xutility(476,82): warning C4267: 'argument': conversion from 'size_t' to 'uint32_t', possible loss of data [C:\Users\danny\traceyv2\build\windows-debug\tracey.vcxproj]
  (compiling source file '../../src/device/gpu/vulkan_compute_bottom_level_accelerations_structure.cpp')
  
C:\Program Files\Microsoft Visual Studio\2022\Professional\VC\Tools\MSVC\14.44.35207\include\xutility(463,90): warning C4267: 'argument': conversion from 'size_t' to 'uint32_t', possible loss of data [C:\Users\danny\traceyv2\build\windows-debug\tracey.vcxproj]
  (compiling source file '../../src/device/gpu/vulkan_compute_bottom_level_accelerations_structure.cpp')
      C:\Program Files\Microsoft Visual Studio\2022\Professional\VC\Tools\MSVC\14.44.35207\include\xutility(463,90):
      the template instantiation context (the oldest one first) is
          C:\Program Files\Microsoft Visual Studio\2022\Professional\VC\Tools\MSVC\14.44.35207\include\optional(156,14):
          see reference to function template instantiation 'void std::_Construct_in_place<tracey::Blas,const std::span<const float,18446744073709551615>&,const size_t&,const std::nullopt_t&,const tracey::BVHConfig&>(_Ty &,const std::span<const float,18446744073709551615> &,const size_t &,const std::nullopt_t &,const tracey::BVHConfig &) noexcept(false)' being compiled
          with
          [
              _Ty=tracey::Blas
          ]
          C:\Program Files\Microsoft Visual Studio\2022\Professional\VC\Tools\MSVC\14.44.35207\include\xutility(472,14):
          see reference to function template instantiation '_Ty *std::construct_at<_Ty,const std::span<const float,18446744073709551615>&,const size_t&,const std::nullopt_t&,const tracey::BVHConfig&>(_Ty *const ,const std::span<const float,18446744073709551615> &,const size_t &,const std::nullopt_t &,const tracey::BVHConfig &) noexcept(false)' being compiled
          with
          [
              _Ty=tracey::Blas
          ]
  
  vulkan_compute_top_level_acceleration_structure.cpp
C:\Users\danny\traceyv2\src\device\gpu\vulkan_compute_top_level_acceleration_structure.hpp(42,18): error C3646: 'rootNodeIndex': unknown override specifier [C:\Users\danny\traceyv2\build\windows-debug\tracey.vcxproj]
  (compiling source file '../../src/device/gpu/vulkan_compute_top_level_acceleration_structure.cpp')
  
C:\Users\danny\traceyv2\src\device\gpu\vulkan_compute_top_level_acceleration_structure.hpp(42,13): error C4430: missing type specifier - int assumed. Note: C++ does not support default-int [C:\Users\danny\traceyv2\build\windows-debug\tracey.vcxproj]
  (compiling source file '../../src/device/gpu/vulkan_compute_top_level_acceleration_structure.cpp')
  
C:\Users\danny\traceyv2\src\device\gpu\vulkan_compute_top_level_acceleration_structure.hpp(43,18): error C3646: 'triangleCount': unknown override specifier [C:\Users\danny\traceyv2\build\windows-debug\tracey.vcxproj]
  (compiling source file '../../src/device/gpu/vulkan_compute_top_level_acceleration_structure.cpp')
  
C:\Users\danny\traceyv2\src\device\gpu\vulkan_compute_top_level_acceleration_structure.hpp(43,13): error C4430: missing type specifier - int assumed. Note: C++ does not support default-int [C:\Users\danny\traceyv2\build\windows-debug\tracey.vcxproj]
  (compiling source file '../../src/device/gpu/vulkan_compute_top_level_acceleration_structure.cpp')
  
C:\Users\danny\traceyv2\src\device\gpu\vulkan_compute_top_level_acceleration_structure.hpp(44,18): error C3646: 'triangleOffset': unknown override specifier [C:\Users\danny\traceyv2\build\windows-debug\tracey.vcxproj]
  (compiling source file '../../src/device/gpu/vulkan_compute_top_level_acceleration_structure.cpp')
  
C:\Users\danny\traceyv2\src\device\gpu\vulkan_compute_top_level_acceleration_structure.hpp(44,13): error C4430: missing type specifier - int assumed. Note: C++ does not support default-int [C:\Users\danny\traceyv2\build\windows-debug\tracey.vcxproj]
  (compiling source file '../../src/device/gpu/vulkan_compute_top_level_acceleration_structure.cpp')
  
C:\Users\danny\traceyv2\src\device\gpu\vulkan_compute_top_level_acceleration_structure.hpp(45,18): error C3646: 'padding0': unknown override specifier [C:\Users\danny\traceyv2\build\windows-debug\tracey.vcxproj]
  (compiling source file '../../src/device/gpu/vulkan_compute_top_level_acceleration_structure.cpp')
  
C:\Users\danny\traceyv2\src\device\gpu\vulkan_compute_top_level_acceleration_structure.hpp(45,13): error C4430: missing type specifier - int assumed. Note: C++ does not support default-int [C:\Users\danny\traceyv2\build\windows-debug\tracey.vcxproj]
  (compiling source file '../../src/device/gpu/vulkan_compute_top_level_acceleration_structure.cpp')
  
C:\Users\danny\traceyv2\src\device\gpu\vulkan_compute_top_level_acceleration_structure.cpp(93,37): error C2039: 'rootNodeIndex': is not a member of 'tracey::VulkanComputeTopLevelAccelerationStructure::BlasInfo' [C:\Users\danny\traceyv2\build\windows-debug\tracey.vcxproj]
      C:\Users\danny\traceyv2\src\device\gpu\vulkan_compute_top_level_acceleration_structure.hpp(40,16):
      see declaration of 'tracey::VulkanComputeTopLevelAccelerationStructure::BlasInfo'
  
C:\Users\danny\traceyv2\src\device\gpu\vulkan_compute_top_level_acceleration_structure.cpp(93,65): error C2061: syntax error: identifier 'uint' [C:\Users\danny\traceyv2\build\windows-debug\tracey.vcxproj]
C:\Users\danny\traceyv2\src\device\gpu\vulkan_compute_top_level_acceleration_structure.cpp(94,37): error C2039: 'triangleOffset': is not a member of 'tracey::VulkanComputeTopLevelAccelerationStructure::BlasInfo' [C:\Users\danny\traceyv2\build\windows-debug\tracey.vcxproj]
      C:\Users\danny\traceyv2\src\device\gpu\vulkan_compute_top_level_acceleration_structure.hpp(40,16):
      see declaration of 'tracey::VulkanComputeTopLevelAccelerationStructure::BlasInfo'
  
C:\Users\danny\traceyv2\src\device\gpu\vulkan_compute_top_level_acceleration_structure.cpp(94,66): error C2061: syntax error: identifier 'uint' [C:\Users\danny\traceyv2\build\windows-debug\tracey.vcxproj]
  cpu_compute_device.cpp
C:\Users\danny\traceyv2\src\ray_tracing\ray_tracing_pipeline\cpu\runtime\uvec.hpp(40,13): warning C4201: nonstandard extension used: nameless struct/union [C:\Users\danny\traceyv2\build\windows-debug\tracey.vcxproj]
  (compiling source file '../../src/device/cpu/cpu_compute_device.cpp')
  
C:\Users\danny\traceyv2\src\ray_tracing\ray_tracing_pipeline\cpu\runtime\uvec.hpp(56,13): warning C4201: nonstandard extension used: nameless struct/union [C:\Users\danny\traceyv2\build\windows-debug\tracey.vcxproj]
  (compiling source file '../../src/device/cpu/cpu_compute_device.cpp')
  
C:\Users\danny\traceyv2\src\ray_tracing\ray_tracing_pipeline\cpu\runtime\uvec.hpp(72,13): warning C4201: nonstandard extension used: nameless struct/union [C:\Users\danny\traceyv2\build\windows-debug\tracey.vcxproj]
  (compiling source file '../../src/device/cpu/cpu_compute_device.cpp')
  
C:\Users\danny\traceyv2\src\ray_tracing\ray_tracing_pipeline\cpu\runtime\vec.hpp(43,13): warning C4201: nonstandard extension used: nameless struct/union [C:\Users\danny\traceyv2\build\windows-debug\tracey.vcxproj]
  (compiling source file '../../src/device/cpu/cpu_compute_device.cpp')
  
C:\Users\danny\traceyv2\src\ray_tracing\ray_tracing_pipeline\cpu\runtime\vec.hpp(47,13): warning C4201: nonstandard extension used: nameless struct/union [C:\Users\danny\traceyv2\build\windows-debug\tracey.vcxproj]
  (compiling source file '../../src/device/cpu/cpu_compute_device.cpp')
  
C:\Users\danny\traceyv2\src\ray_tracing\ray_tracing_pipeline\cpu\runtime\vec.hpp(69,13): warning C4201: nonstandard extension used: nameless struct/union [C:\Users\danny\traceyv2\build\windows-debug\tracey.vcxproj]
  (compiling source file '../../src/device/cpu/cpu_compute_device.cpp')
  
C:\Users\danny\traceyv2\src\ray_tracing\ray_tracing_pipeline\cpu\runtime\vec.hpp(73,13): warning C4201: nonstandard extension used: nameless struct/union [C:\Users\danny\traceyv2\build\windows-debug\tracey.vcxproj]
  (compiling source file '../../src/device/cpu/cpu_compute_device.cpp')
  
C:\Users\danny\traceyv2\src\ray_tracing\ray_tracing_pipeline\cpu\runtime\vec.hpp(106,13): warning C4201: nonstandard extension used: nameless struct/union [C:\Users\danny\traceyv2\build\windows-debug\tracey.vcxproj]
  (compiling source file '../../src/device/cpu/cpu_compute_device.cpp')
  
C:\Users\danny\traceyv2\src\ray_tracing\ray_tracing_pipeline\cpu\runtime\vec.hpp(110,13): warning C4201: nonstandard extension used: nameless struct/union [C:\Users\danny\traceyv2\build\windows-debug\tracey.vcxproj]
  (compiling source file '../../src/device/cpu/cpu_compute_device.cpp')
  
C:\Users\danny\traceyv2\src\ray_tracing\ray_tracing_pipeline\cpu\runtime\ivec.hpp(40,13): warning C4201: nonstandard extension used: nameless struct/union [C:\Users\danny\traceyv2\build\windows-debug\tracey.vcxproj]
  (compiling source file '../../src/device/cpu/cpu_compute_device.cpp')
  
C:\Users\danny\traceyv2\src\ray_tracing\ray_tracing_pipeline\cpu\runtime\ivec.hpp(56,13): warning C4201: nonstandard extension used: nameless struct/union [C:\Users\danny\traceyv2\build\windows-debug\tracey.vcxproj]
  (compiling source file '../../src/device/cpu/cpu_compute_device.cpp')
  
C:\Users\danny\traceyv2\src\ray_tracing\ray_tracing_pipeline\cpu\runtime\ivec.hpp(72,13): warning C4201: nonstandard extension used: nameless struct/union [C:\Users\danny\traceyv2\build\windows-debug\tracey.vcxproj]
  (compiling source file '../../src/device/cpu/cpu_compute_device.cpp')
  
C:\Users\danny\traceyv2\src\device\cpu\cpu_compute_device.cpp(32,153): warning C4100: 'sbt': unreferenced parameter [C:\Users\danny\traceyv2\build\windows-debug\tracey.vcxproj]
C:\Users\danny\traceyv2\src\device\cpu\cpu_compute_device.cpp(32,119): warning C4100: 'layout': unreferenced parameter [C:\Users\danny\traceyv2\build\windows-debug\tracey.vcxproj]
C:\Users\danny\traceyv2\src\device\cpu\cpu_compute_device.cpp(57,71): warning C4100: 'usageFlags': unreferenced parameter [C:\Users\danny\traceyv2\build\windows-debug\tracey.vcxproj]
  cpu_buffer.cpp
  cpu_image_2d.cpp
  cpu_bottom_level_acceleration_structure.cpp
C:\Program Files\Microsoft Visual Studio\2022\Professional\VC\Tools\MSVC\14.44.35207\include\xutility(462,85): warning C4267: 'argument': conversion from 'size_t' to 'uint32_t', possible loss of data [C:\Users\danny\traceyv2\build\windows-debug\tracey.vcxproj]
  (compiling source file '../../src/device/cpu/cpu_bottom_level_acceleration_structure.cpp')
      C:\Program Files\Microsoft Visual Studio\2022\Professional\VC\Tools\MSVC\14.44.35207\include\xutility(462,85):
      the template instantiation context (the oldest one first) is
          C:\Users\danny\traceyv2\src\device\cpu\cpu_bottom_level_acceleration_structure.cpp(13,20):
          see reference to function template instantiation '_Ty &std::optional<_Ty>::emplace<const std::span<const float,18446744073709551615>&,const size_t&,const std::nullopt_t&,const tracey::BVHConfig&>(const std::span<const float,18446744073709551615> &,const size_t &,const std::nullopt_t &,const tracey::BVHConfig &) noexcept(false)' being compiled
          with
          [
              _Ty=tracey::Blas
          ]
              C:\Users\danny\traceyv2\src\device\cpu\cpu_bottom_level_acceleration_structure.cpp(13,27):
              see the first reference to 'std::optional<tracey::Blas>::emplace' in 'tracey::CpuBottomLevelAccelerationStructure::CpuBottomLevelAccelerationStructure'
          C:\Program Files\Microsoft Visual Studio\2022\Professional\VC\Tools\MSVC\14.44.35207\include\optional(354,22):
          see reference to function template instantiation '_Ty &std::_Optional_construct_base<_Ty>::_Construct<const std::span<const float,18446744073709551615>&,const size_t&,const std::nullopt_t&,const tracey::BVHConfig&>(const std::span<const float,18446744073709551615> &,const size_t &,const std::nullopt_t &,const tracey::BVHConfig &) noexcept(false)' being compiled
          with
          [
              _Ty=tracey::Blas
          ]
          C:\Program Files\Microsoft Visual Studio\2022\Professional\VC\Tools\MSVC\14.44.35207\include\optional(156,14):
          see reference to function template instantiation 'void std::_Construct_in_place<tracey::Blas,const std::span<const float,18446744073709551615>&,const size_t&,const std::nullopt_t&,const tracey::BVHConfig&>(_Ty &,const std::span<const float,18446744073709551615> &,const size_t &,const std::nullopt_t &,const tracey::BVHConfig &) noexcept(false)' being compiled
          with
          [
              _Ty=tracey::Blas
          ]
          C:\Program Files\Microsoft Visual Studio\2022\Professional\VC\Tools\MSVC\14.44.35207\include\xutility(472,14):
          see reference to function template instantiation '_Ty *std::construct_at<_Ty,const std::span<const float,18446744073709551615>&,const size_t&,const std::nullopt_t&,const tracey::BVHConfig&>(_Ty *const ,const std::span<const float,18446744073709551615> &,const size_t &,const std::nullopt_t &,const tracey::BVHConfig &) noexcept(<expr>)' being compiled
          with
          [
              _Ty=tracey::Blas
          ]
  
C:\Program Files\Microsoft Visual Studio\2022\Professional\VC\Tools\MSVC\14.44.35207\include\xutility(476,82): warning C4267: 'argument': conversion from 'size_t' to 'uint32_t', possible loss of data [C:\Users\danny\traceyv2\build\windows-debug\tracey.vcxproj]
  (compiling source file '../../src/device/cpu/cpu_bottom_level_acceleration_structure.cpp')
  
C:\Program Files\Microsoft Visual Studio\2022\Professional\VC\Tools\MSVC\14.44.35207\include\xutility(463,90): warning C4267: 'argument': conversion from 'size_t' to 'uint32_t', possible loss of data [C:\Users\danny\traceyv2\build\windows-debug\tracey.vcxproj]
  (compiling source file '../../src/device/cpu/cpu_bottom_level_acceleration_structure.cpp')
      C:\Program Files\Microsoft Visual Studio\2022\Professional\VC\Tools\MSVC\14.44.35207\include\xutility(463,90):
      the template instantiation context (the oldest one first) is
          C:\Program Files\Microsoft Visual Studio\2022\Professional\VC\Tools\MSVC\14.44.35207\include\optional(156,14):
          see reference to function template instantiation 'void std::_Construct_in_place<tracey::Blas,const std::span<const float,18446744073709551615>&,const size_t&,const std::nullopt_t&,const tracey::BVHConfig&>(_Ty &,const std::span<const float,18446744073709551615> &,const size_t &,const std::nullopt_t &,const tracey::BVHConfig &) noexcept(false)' being compiled
          with
          [
              _Ty=tracey::Blas
          ]
          C:\Program Files\Microsoft Visual Studio\2022\Professional\VC\Tools\MSVC\14.44.35207\include\xutility(472,14):
          see reference to function template instantiation '_Ty *std::construct_at<_Ty,const std::span<const float,18446744073709551615>&,const size_t&,const std::nullopt_t&,const tracey::BVHConfig&>(_Ty *const ,const std::span<const float,18446744073709551615> &,const size_t &,const std::nullopt_t &,const tracey::BVHConfig &) noexcept(false)' being compiled
          with
          [
              _Ty=tracey::Blas
          ]
  
  cpu_top_level_acceleration_structure.cpp
  ray_tracing_pipeline_layout.cpp
C:\Users\danny\traceyv2\src\ray_tracing\ray_tracing_pipeline\ray_tracing_pipeline_layout.cpp(58,20): error C2039: 'runtime_error': is not a member of 'std' [C:\Users\danny\traceyv2\build\windows-debug\tracey.vcxproj]
      C:\Program Files\Microsoft Visual Studio\2022\Professional\VC\Tools\MSVC\14.44.35207\include\functional(31,1):
      see declaration of 'std'
  
C:\Users\danny\traceyv2\src\ray_tracing\ray_tracing_pipeline\ray_tracing_pipeline_layout.cpp(58,20): error C3861: 'runtime_error': identifier not found [C:\Users\danny\traceyv2\build\windows-debug\tracey.vcxproj]
  data_structure.cpp
  cpu_shader_binding_table.cpp
  cpu_ray_tracing_pipeline.cpp
C:\Users\danny\traceyv2\src\ray_tracing\ray_tracing_pipeline\cpu\runtime\uvec.hpp(40,13): warning C4201: nonstandard extension used: nameless struct/union [C:\Users\danny\traceyv2\build\windows-debug\tracey.vcxproj]
  (compiling source file '../../src/ray_tracing/ray_tracing_pipeline/cpu/cpu_ray_tracing_pipeline.cpp')
  
C:\Users\danny\traceyv2\src\ray_tracing\ray_tracing_pipeline\cpu\runtime\uvec.hpp(56,13): warning C4201: nonstandard extension used: nameless struct/union [C:\Users\danny\traceyv2\build\windows-debug\tracey.vcxproj]
  (compiling source file '../../src/ray_tracing/ray_tracing_pipeline/cpu/cpu_ray_tracing_pipeline.cpp')
  
C:\Users\danny\traceyv2\src\ray_tracing\ray_tracing_pipeline\cpu\runtime\uvec.hpp(72,13): warning C4201: nonstandard extension used: nameless struct/union [C:\Users\danny\traceyv2\build\windows-debug\tracey.vcxproj]
  (compiling source file '../../src/ray_tracing/ray_tracing_pipeline/cpu/cpu_ray_tracing_pipeline.cpp')
  
C:\Users\danny\traceyv2\src\ray_tracing\ray_tracing_pipeline\cpu\runtime\vec.hpp(43,13): warning C4201: nonstandard extension used: nameless struct/union [C:\Users\danny\traceyv2\build\windows-debug\tracey.vcxproj]
  (compiling source file '../../src/ray_tracing/ray_tracing_pipeline/cpu/cpu_ray_tracing_pipeline.cpp')
  
C:\Users\danny\traceyv2\src\ray_tracing\ray_tracing_pipeline\cpu\runtime\vec.hpp(47,13): warning C4201: nonstandard extension used: nameless struct/union [C:\Users\danny\traceyv2\build\windows-debug\tracey.vcxproj]
  (compiling source file '../../src/ray_tracing/ray_tracing_pipeline/cpu/cpu_ray_tracing_pipeline.cpp')
  
C:\Users\danny\traceyv2\src\ray_tracing\ray_tracing_pipeline\cpu\runtime\vec.hpp(69,13): warning C4201: nonstandard extension used: nameless struct/union [C:\Users\danny\traceyv2\build\windows-debug\tracey.vcxproj]
  (compiling source file '../../src/ray_tracing/ray_tracing_pipeline/cpu/cpu_ray_tracing_pipeline.cpp')
  
C:\Users\danny\traceyv2\src\ray_tracing\ray_tracing_pipeline\cpu\runtime\vec.hpp(73,13): warning C4201: nonstandard extension used: nameless struct/union [C:\Users\danny\traceyv2\build\windows-debug\tracey.vcxproj]
  (compiling source file '../../src/ray_tracing/ray_tracing_pipeline/cpu/cpu_ray_tracing_pipeline.cpp')
  
C:\Users\danny\traceyv2\src\ray_tracing\ray_tracing_pipeline\cpu\runtime\vec.hpp(106,13): warning C4201: nonstandard extension used: nameless struct/union [C:\Users\danny\traceyv2\build\windows-debug\tracey.vcxproj]
  (compiling source file '../../src/ray_tracing/ray_tracing_pipeline/cpu/cpu_ray_tracing_pipeline.cpp')
  
C:\Users\danny\traceyv2\src\ray_tracing\ray_tracing_pipeline\cpu\runtime\vec.hpp(110,13): warning C4201: nonstandard extension used: nameless struct/union [C:\Users\danny\traceyv2\build\windows-debug\tracey.vcxproj]
  (compiling source file '../../src/ray_tracing/ray_tracing_pipeline/cpu/cpu_ray_tracing_pipeline.cpp')
  
C:\Users\danny\traceyv2\src\ray_tracing\ray_tracing_pipeline\cpu\runtime\ivec.hpp(40,13): warning C4201: nonstandard extension used: nameless struct/union [C:\Users\danny\traceyv2\build\windows-debug\tracey.vcxproj]
  (compiling source file '../../src/ray_tracing/ray_tracing_pipeline/cpu/cpu_ray_tracing_pipeline.cpp')
  
C:\Users\danny\traceyv2\src\ray_tracing\ray_tracing_pipeline\cpu\runtime\ivec.hpp(56,13): warning C4201: nonstandard extension used: nameless struct/union [C:\Users\danny\traceyv2\build\windows-debug\tracey.vcxproj]
  (compiling source file '../../src/ray_tracing/ray_tracing_pipeline/cpu/cpu_ray_tracing_pipeline.cpp')
  
C:\Users\danny\traceyv2\src\ray_tracing\ray_tracing_pipeline\cpu\runtime\ivec.hpp(72,13): warning C4201: nonstandard extension used: nameless struct/union [C:\Users\danny\traceyv2\build\windows-debug\tracey.vcxproj]
  (compiling source file '../../src/ray_tracing/ray_tracing_pipeline/cpu/cpu_ray_tracing_pipeline.cpp')
  
C:\Users\danny\traceyv2\src\ray_tracing\ray_tracing_pipeline\cpu\cpu_ray_tracing_pipeline.cpp(11,83): warning C4100: 'sets': unreferenced parameter [C:\Users\danny\traceyv2\build\windows-debug\tracey.vcxproj]
  cpu_descriptor_set.cpp
C:\Users\danny\traceyv2\src\ray_tracing\ray_tracing_pipeline\cpu\cpu_descriptor_set.cpp(31,46): warning C4267: '=': conversion from 'size_t' to 'unsigned int', possible loss of data [C:\Users\danny\traceyv2\build\windows-debug\tracey.vcxproj]
  cpu_pipeline_compiler.cpp
C:\Users\danny\traceyv2\src\ray_tracing\ray_tracing_pipeline\cpu\runtime\uvec.hpp(40,13): warning C4201: nonstandard extension used: nameless struct/union [C:\Users\danny\traceyv2\build\windows-debug\tracey.vcxproj]
  (compiling source file '../../src/ray_tracing/ray_tracing_pipeline/cpu/cpu_pipeline_compiler.cpp')
  
C:\Users\danny\traceyv2\src\ray_tracing\ray_tracing_pipeline\cpu\runtime\uvec.hpp(56,13): warning C4201: nonstandard extension used: nameless struct/union [C:\Users\danny\traceyv2\build\windows-debug\tracey.vcxproj]
  (compiling source file '../../src/ray_tracing/ray_tracing_pipeline/cpu/cpu_pipeline_compiler.cpp')
  
C:\Users\danny\traceyv2\src\ray_tracing\ray_tracing_pipeline\cpu\runtime\uvec.hpp(72,13): warning C4201: nonstandard extension used: nameless struct/union [C:\Users\danny\traceyv2\build\windows-debug\tracey.vcxproj]
  (compiling source file '../../src/ray_tracing/ray_tracing_pipeline/cpu/cpu_pipeline_compiler.cpp')
  
C:\Users\danny\traceyv2\src\ray_tracing\ray_tracing_pipeline\cpu\runtime\vec.hpp(43,13): warning C4201: nonstandard extension used: nameless struct/union [C:\Users\danny\traceyv2\build\windows-debug\tracey.vcxproj]
  (compiling source file '../../src/ray_tracing/ray_tracing_pipeline/cpu/cpu_pipeline_compiler.cpp')
  
C:\Users\danny\traceyv2\src\ray_tracing\ray_tracing_pipeline\cpu\runtime\vec.hpp(47,13): warning C4201: nonstandard extension used: nameless struct/union [C:\Users\danny\traceyv2\build\windows-debug\tracey.vcxproj]
  (compiling source file '../../src/ray_tracing/ray_tracing_pipeline/cpu/cpu_pipeline_compiler.cpp')
  
C:\Users\danny\traceyv2\src\ray_tracing\ray_tracing_pipeline\cpu\runtime\vec.hpp(69,13): warning C4201: nonstandard extension used: nameless struct/union [C:\Users\danny\traceyv2\build\windows-debug\tracey.vcxproj]
  (compiling source file '../../src/ray_tracing/ray_tracing_pipeline/cpu/cpu_pipeline_compiler.cpp')
  
C:\Users\danny\traceyv2\src\ray_tracing\ray_tracing_pipeline\cpu\runtime\vec.hpp(73,13): warning C4201: nonstandard extension used: nameless struct/union [C:\Users\danny\traceyv2\build\windows-debug\tracey.vcxproj]
  (compiling source file '../../src/ray_tracing/ray_tracing_pipeline/cpu/cpu_pipeline_compiler.cpp')
  
C:\Users\danny\traceyv2\src\ray_tracing\ray_tracing_pipeline\cpu\runtime\vec.hpp(106,13): warning C4201: nonstandard extension used: nameless struct/union [C:\Users\danny\traceyv2\build\windows-debug\tracey.vcxproj]
  (compiling source file '../../src/ray_tracing/ray_tracing_pipeline/cpu/cpu_pipeline_compiler.cpp')
  
C:\Users\danny\traceyv2\src\ray_tracing\ray_tracing_pipeline\cpu\runtime\vec.hpp(110,13): warning C4201: nonstandard extension used: nameless struct/union [C:\Users\danny\traceyv2\build\windows-debug\tracey.vcxproj]
  (compiling source file '../../src/ray_tracing/ray_tracing_pipeline/cpu/cpu_pipeline_compiler.cpp')
  
C:\Users\danny\traceyv2\src\ray_tracing\ray_tracing_pipeline\cpu\runtime\ivec.hpp(40,13): warning C4201: nonstandard extension used: nameless struct/union [C:\Users\danny\traceyv2\build\windows-debug\tracey.vcxproj]
  (compiling source file '../../src/ray_tracing/ray_tracing_pipeline/cpu/cpu_pipeline_compiler.cpp')
  
C:\Users\danny\traceyv2\src\ray_tracing\ray_tracing_pipeline\cpu\runtime\ivec.hpp(56,13): warning C4201: nonstandard extension used: nameless struct/union [C:\Users\danny\traceyv2\build\windows-debug\tracey.vcxproj]
  (compiling source file '../../src/ray_tracing/ray_tracing_pipeline/cpu/cpu_pipeline_compiler.cpp')
  
C:\Users\danny\traceyv2\src\ray_tracing\ray_tracing_pipeline\cpu\runtime\ivec.hpp(72,13): warning C4201: nonstandard extension used: nameless struct/union [C:\Users\danny\traceyv2\build\windows-debug\tracey.vcxproj]
  (compiling source file '../../src/ray_tracing/ray_tracing_pipeline/cpu/cpu_pipeline_compiler.cpp')
  
C:\Users\danny\traceyv2\src\ray_tracing\ray_tracing_pipeline\cpu\cpu_pipeline_compiler.cpp(290,49): warning C4267: 'argument': conversion from 'size_t' to 'unsigned int', possible loss of data [C:\Users\danny\traceyv2\build\windows-debug\tracey.vcxproj]
C:\Users\danny\traceyv2\src\ray_tracing\ray_tracing_pipeline\cpu\cpu_pipeline_compiler.cpp(333,63): error C3861: 'dlsym': identifier not found [C:\Users\danny\traceyv2\build\windows-debug\tracey.vcxproj]
C:\Users\danny\traceyv2\src\ray_tracing\ray_tracing_pipeline\cpu\cpu_pipeline_compiler.cpp(334,63): error C3861: 'dlsym': identifier not found [C:\Users\danny\traceyv2\build\windows-debug\tracey.vcxproj]
  Generating Code...
  Compiling...
  trace_rays_ext.cpp
C:\Users\danny\traceyv2\src\ray_tracing\ray_tracing_pipeline\cpu\runtime\uvec.hpp(40,13): warning C4201: nonstandard extension used: nameless struct/union [C:\Users\danny\traceyv2\build\windows-debug\tracey.vcxproj]
  (compiling source file '../../src/ray_tracing/ray_tracing_pipeline/cpu/trace_rays_ext.cpp')
  
C:\Users\danny\traceyv2\src\ray_tracing\ray_tracing_pipeline\cpu\runtime\uvec.hpp(56,13): warning C4201: nonstandard extension used: nameless struct/union [C:\Users\danny\traceyv2\build\windows-debug\tracey.vcxproj]
  (compiling source file '../../src/ray_tracing/ray_tracing_pipeline/cpu/trace_rays_ext.cpp')
  
C:\Users\danny\traceyv2\src\ray_tracing\ray_tracing_pipeline\cpu\runtime\uvec.hpp(72,13): warning C4201: nonstandard extension used: nameless struct/union [C:\Users\danny\traceyv2\build\windows-debug\tracey.vcxproj]
  (compiling source file '../../src/ray_tracing/ray_tracing_pipeline/cpu/trace_rays_ext.cpp')
  
C:\Users\danny\traceyv2\src\ray_tracing\ray_tracing_pipeline\cpu\runtime\vec.hpp(43,13): warning C4201: nonstandard extension used: nameless struct/union [C:\Users\danny\traceyv2\build\windows-debug\tracey.vcxproj]
  (compiling source file '../../src/ray_tracing/ray_tracing_pipeline/cpu/trace_rays_ext.cpp')
  
C:\Users\danny\traceyv2\src\ray_tracing\ray_tracing_pipeline\cpu\runtime\vec.hpp(47,13): warning C4201: nonstandard extension used: nameless struct/union [C:\Users\danny\traceyv2\build\windows-debug\tracey.vcxproj]
  (compiling source file '../../src/ray_tracing/ray_tracing_pipeline/cpu/trace_rays_ext.cpp')
  
C:\Users\danny\traceyv2\src\ray_tracing\ray_tracing_pipeline\cpu\runtime\vec.hpp(69,13): warning C4201: nonstandard extension used: nameless struct/union [C:\Users\danny\traceyv2\build\windows-debug\tracey.vcxproj]
  (compiling source file '../../src/ray_tracing/ray_tracing_pipeline/cpu/trace_rays_ext.cpp')
  
C:\Users\danny\traceyv2\src\ray_tracing\ray_tracing_pipeline\cpu\runtime\vec.hpp(73,13): warning C4201: nonstandard extension used: nameless struct/union [C:\Users\danny\traceyv2\build\windows-debug\tracey.vcxproj]
  (compiling source file '../../src/ray_tracing/ray_tracing_pipeline/cpu/trace_rays_ext.cpp')
  
C:\Users\danny\traceyv2\src\ray_tracing\ray_tracing_pipeline\cpu\runtime\vec.hpp(106,13): warning C4201: nonstandard extension used: nameless struct/union [C:\Users\danny\traceyv2\build\windows-debug\tracey.vcxproj]
  (compiling source file '../../src/ray_tracing/ray_tracing_pipeline/cpu/trace_rays_ext.cpp')
  
C:\Users\danny\traceyv2\src\ray_tracing\ray_tracing_pipeline\cpu\runtime\vec.hpp(110,13): warning C4201: nonstandard extension used: nameless struct/union [C:\Users\danny\traceyv2\build\windows-debug\tracey.vcxproj]
  (compiling source file '../../src/ray_tracing/ray_tracing_pipeline/cpu/trace_rays_ext.cpp')
  
C:\Users\danny\traceyv2\src\ray_tracing\ray_tracing_pipeline\cpu\runtime\ivec.hpp(40,13): warning C4201: nonstandard extension used: nameless struct/union [C:\Users\danny\traceyv2\build\windows-debug\tracey.vcxproj]
  (compiling source file '../../src/ray_tracing/ray_tracing_pipeline/cpu/trace_rays_ext.cpp')
  
C:\Users\danny\traceyv2\src\ray_tracing\ray_tracing_pipeline\cpu\runtime\ivec.hpp(56,13): warning C4201: nonstandard extension used: nameless struct/union [C:\Users\danny\traceyv2\build\windows-debug\tracey.vcxproj]
  (compiling source file '../../src/ray_tracing/ray_tracing_pipeline/cpu/trace_rays_ext.cpp')
  
C:\Users\danny\traceyv2\src\ray_tracing\ray_tracing_pipeline\cpu\runtime\ivec.hpp(72,13): warning C4201: nonstandard extension used: nameless struct/union [C:\Users\danny\traceyv2\build\windows-debug\tracey.vcxproj]
  (compiling source file '../../src/ray_tracing/ray_tracing_pipeline/cpu/trace_rays_ext.cpp')
  
  vulkan_compute_raytracing_pipeline.cpp
C:\Users\danny\traceyv2\src\ray_tracing\ray_tracing_pipeline\gpu\vulkan_compute_raytracing_pipeline.cpp(20,33): warning C4267: '=': conversion from 'size_t' to 'uint32_t', possible loss of data [C:\Users\danny\traceyv2\build\windows-debug\tracey.vcxproj]
C:\Users\danny\traceyv2\src\ray_tracing\ray_tracing_pipeline\gpu\vulkan_compute_raytracing_pipeline.cpp(41,37): warning C4267: '=': conversion from 'size_t' to 'uint32_t', possible loss of data [C:\Users\danny\traceyv2\build\windows-debug\tracey.vcxproj]
C:\Users\danny\traceyv2\src\ray_tracing\ray_tracing_pipeline\gpu\vulkan_compute_raytracing_pipeline.cpp(43,50): warning C4267: '=': conversion from 'size_t' to 'uint32_t', possible loss of data [C:\Users\danny\traceyv2\build\windows-debug\tracey.vcxproj]
C:\Users\danny\traceyv2\src\ray_tracing\ray_tracing_pipeline\gpu\vulkan_compute_raytracing_pipeline.cpp(45,50): warning C4267: '=': conversion from 'size_t' to 'uint32_t', possible loss of data [C:\Users\danny\traceyv2\build\windows-debug\tracey.vcxproj]
C:\Users\danny\traceyv2\src\ray_tracing\ray_tracing_pipeline\gpu\vulkan_compute_raytracing_pipeline.cpp(47,50): warning C4267: '=': conversion from 'size_t' to 'uint32_t', possible loss of data [C:\Users\danny\traceyv2\build\windows-debug\tracey.vcxproj]
C:\Users\danny\traceyv2\src\ray_tracing\ray_tracing_pipeline\gpu\vulkan_compute_raytracing_pipeline.cpp(49,50): warning C4267: '=': conversion from 'size_t' to 'uint32_t', possible loss of data [C:\Users\danny\traceyv2\build\windows-debug\tracey.vcxproj]
C:\Users\danny\traceyv2\src\ray_tracing\ray_tracing_pipeline\gpu\vulkan_compute_raytracing_pipeline.cpp(51,50): warning C4267: '=': conversion from 'size_t' to 'uint32_t', possible loss of data [C:\Users\danny\traceyv2\build\windows-debug\tracey.vcxproj]
C:\Users\danny\traceyv2\src\ray_tracing\ray_tracing_pipeline\gpu\vulkan_compute_raytracing_pipeline.cpp(54,50): warning C4267: '=': conversion from 'size_t' to 'uint32_t', possible loss of data [C:\Users\danny\traceyv2\build\windows-debug\tracey.vcxproj]
C:\Users\danny\traceyv2\src\ray_tracing\ray_tracing_pipeline\gpu\vulkan_compute_raytracing_pipeline.cpp(56,50): warning C4267: '=': conversion from 'size_t' to 'uint32_t', possible loss of data [C:\Users\danny\traceyv2\build\windows-debug\tracey.vcxproj]
  vulkan_compute_raytracing_descriptor_set.cpp
C:\Users\danny\traceyv2\src\device\gpu\vulkan_compute_top_level_acceleration_structure.hpp(42,18): error C3646: 'rootNodeIndex': unknown override specifier [C:\Users\danny\traceyv2\build\windows-debug\tracey.vcxproj]
  (compiling source file '../../src/ray_tracing/ray_tracing_pipeline/gpu/vulkan_compute_raytracing_descriptor_set.cpp')
  
C:\Users\danny\traceyv2\src\device\gpu\vulkan_compute_top_level_acceleration_structure.hpp(42,13): error C4430: missing type specifier - int assumed. Note: C++ does not support default-int [C:\Users\danny\traceyv2\build\windows-debug\tracey.vcxproj]
  (compiling source file '../../src/ray_tracing/ray_tracing_pipeline/gpu/vulkan_compute_raytracing_descriptor_set.cpp')
  
C:\Users\danny\traceyv2\src\device\gpu\vulkan_compute_top_level_acceleration_structure.hpp(43,18): error C3646: 'triangleCount': unknown override specifier [C:\Users\danny\traceyv2\build\windows-debug\tracey.vcxproj]
  (compiling source file '../../src/ray_tracing/ray_tracing_pipeline/gpu/vulkan_compute_raytracing_descriptor_set.cpp')
  
C:\Users\danny\traceyv2\src\device\gpu\vulkan_compute_top_level_acceleration_structure.hpp(43,13): error C4430: missing type specifier - int assumed. Note: C++ does not support default-int [C:\Users\danny\traceyv2\build\windows-debug\tracey.vcxproj]
  (compiling source file '../../src/ray_tracing/ray_tracing_pipeline/gpu/vulkan_compute_raytracing_descriptor_set.cpp')
  
C:\Users\danny\traceyv2\src\device\gpu\vulkan_compute_top_level_acceleration_structure.hpp(44,18): error C3646: 'triangleOffset': unknown override specifier [C:\Users\danny\traceyv2\build\windows-debug\tracey.vcxproj]
  (compiling source file '../../src/ray_tracing/ray_tracing_pipeline/gpu/vulkan_compute_raytracing_descriptor_set.cpp')
  
C:\Users\danny\traceyv2\src\device\gpu\vulkan_compute_top_level_acceleration_structure.hpp(44,13): error C4430: missing type specifier - int assumed. Note: C++ does not support default-int [C:\Users\danny\traceyv2\build\windows-debug\tracey.vcxproj]
  (compiling source file '../../src/ray_tracing/ray_tracing_pipeline/gpu/vulkan_compute_raytracing_descriptor_set.cpp')
  
C:\Users\danny\traceyv2\src\device\gpu\vulkan_compute_top_level_acceleration_structure.hpp(45,18): error C3646: 'padding0': unknown override specifier [C:\Users\danny\traceyv2\build\windows-debug\tracey.vcxproj]
  (compiling source file '../../src/ray_tracing/ray_tracing_pipeline/gpu/vulkan_compute_raytracing_descriptor_set.cpp')
  
C:\Users\danny\traceyv2\src\device\gpu\vulkan_compute_top_level_acceleration_structure.hpp(45,13): error C4430: missing type specifier - int assumed. Note: C++ does not support default-int [C:\Users\danny\traceyv2\build\windows-debug\tracey.vcxproj]
  (compiling source file '../../src/ray_tracing/ray_tracing_pipeline/gpu/vulkan_compute_raytracing_descriptor_set.cpp')
  
C:\Users\danny\traceyv2\src\ray_tracing\ray_tracing_pipeline\gpu\vulkan_compute_raytracing_descriptor_set.cpp(36,32): warning C4267: '=': conversion from 'size_t' to 'uint32_t', possible loss of data [C:\Users\danny\traceyv2\build\windows-debug\tracey.vcxproj]
C:\Users\danny\traceyv2\src\ray_tracing\ray_tracing_pipeline\gpu\vulkan_compute_raytracing_descriptor_set.cpp(54,32): warning C4267: '=': conversion from 'size_t' to 'uint32_t', possible loss of data [C:\Users\danny\traceyv2\build\windows-debug\tracey.vcxproj]
C:\Users\danny\traceyv2\src\ray_tracing\ray_tracing_pipeline\gpu\vulkan_compute_raytracing_descriptor_set.cpp(77,32): warning C4267: '=': conversion from 'size_t' to 'uint32_t', possible loss of data [C:\Users\danny\traceyv2\build\windows-debug\tracey.vcxproj]
C:\Users\danny\traceyv2\src\ray_tracing\ray_tracing_pipeline\gpu\vulkan_compute_raytracing_descriptor_set.cpp(100,17): error C7560: 'descriptorCount': designators must appear in member declaration order of class 'VkWriteDescriptorSet' [C:\Users\danny\traceyv2\build\windows-debug\tracey.vcxproj]
C:\Users\danny\traceyv2\src\ray_tracing\ray_tracing_pipeline\gpu\vulkan_compute_raytracing_descriptor_set.cpp(108,17): error C7560: 'descriptorCount': designators must appear in member declaration order of class 'VkWriteDescriptorSet' [C:\Users\danny\traceyv2\build\windows-debug\tracey.vcxproj]
C:\Users\danny\traceyv2\src\ray_tracing\ray_tracing_pipeline\gpu\vulkan_compute_raytracing_descriptor_set.cpp(116,17): error C7560: 'descriptorCount': designators must appear in member declaration order of class 'VkWriteDescriptorSet' [C:\Users\danny\traceyv2\build\windows-debug\tracey.vcxproj]
C:\Users\danny\traceyv2\src\ray_tracing\ray_tracing_pipeline\gpu\vulkan_compute_raytracing_descriptor_set.cpp(124,17): error C7560: 'descriptorCount': designators must appear in member declaration order of class 'VkWriteDescriptorSet' [C:\Users\danny\traceyv2\build\windows-debug\tracey.vcxproj]
C:\Users\danny\traceyv2\src\ray_tracing\ray_tracing_pipeline\gpu\vulkan_compute_raytracing_descriptor_set.cpp(132,17): error C7560: 'descriptorCount': designators must appear in member declaration order of class 'VkWriteDescriptorSet' [C:\Users\danny\traceyv2\build\windows-debug\tracey.vcxproj]
C:\Users\danny\traceyv2\src\ray_tracing\ray_tracing_pipeline\gpu\vulkan_compute_raytracing_descriptor_set.cpp(140,17): error C7560: 'descriptorCount': designators must appear in member declaration order of class 'VkWriteDescriptorSet' [C:\Users\danny\traceyv2\build\windows-debug\tracey.vcxproj]
C:\Users\danny\traceyv2\src\ray_tracing\ray_tracing_pipeline\gpu\vulkan_compute_raytracing_descriptor_set.cpp(148,17): error C7560: 'descriptorCount': designators must appear in member declaration order of class 'VkWriteDescriptorSet' [C:\Users\danny\traceyv2\build\windows-debug\tracey.vcxproj]
C:\Users\danny\traceyv2\src\ray_tracing\ray_tracing_pipeline\gpu\vulkan_compute_raytracing_descriptor_set.cpp(156,17): error C7560: 'descriptorCount': designators must appear in member declaration order of class 'VkWriteDescriptorSet' [C:\Users\danny\traceyv2\build\windows-debug\tracey.vcxproj]
C:\Users\danny\traceyv2\src\ray_tracing\ray_tracing_pipeline\gpu\vulkan_compute_raytracing_descriptor_set.cpp(289,32): warning C4267: '=': conversion from 'size_t' to 'uint32_t', possible loss of data [C:\Users\danny\traceyv2\build\windows-debug\tracey.vcxproj]
C:\Users\danny\traceyv2\src\ray_tracing\ray_tracing_pipeline\gpu\vulkan_compute_raytracing_descriptor_set.cpp(319,32): warning C4267: '=': conversion from 'size_t' to 'uint32_t', possible loss of data [C:\Users\danny\traceyv2\build\windows-debug\tracey.vcxproj]
  vulkan_compute_pipeline_compiler.cpp
C:\Users\danny\traceyv2\src\ray_tracing\ray_tracing_pipeline\gpu\vulkan_compute_pipeline_compiler.cpp(380,24): warning C4456: declaration of 'cpuModule' hides previous local declaration [C:\Users\danny\traceyv2\build\windows-debug\tracey.vcxproj]
      C:\Users\danny\traceyv2\src\ray_tracing\ray_tracing_pipeline\gpu\vulkan_compute_pipeline_compiler.cpp(365,20):
      see declaration of 'cpuModule'
  
C:\Users\danny\traceyv2\src\ray_tracing\ray_tracing_pipeline\gpu\vulkan_compute_pipeline_compiler.cpp(381,25): warning C4456: declaration of 'userSource' hides previous local declaration [C:\Users\danny\traceyv2\build\windows-debug\tracey.vcxproj]
      C:\Users\danny\traceyv2\src\ray_tracing\ray_tracing_pipeline\gpu\vulkan_compute_pipeline_compiler.cpp(367,21):
      see declaration of 'userSource'
  
C:\Users\danny\traceyv2\src\ray_tracing\ray_tracing_pipeline\gpu\vulkan_compute_pipeline_compiler.cpp(383,20): warning C4456: declaration of 'entryPointPos' hides previous local declaration [C:\Users\danny\traceyv2\build\windows-debug\tracey.vcxproj]
      C:\Users\danny\traceyv2\src\ray_tracing\ray_tracing_pipeline\gpu\vulkan_compute_pipeline_compiler.cpp(369,16):
      see declaration of 'entryPointPos'
  
  vulkan_wavefront_pipeline.cpp
C:\Users\danny\traceyv2\src\ray_tracing\ray_tracing_pipeline\gpu\wavefront\vulkan_wavefront_pipeline.hpp(59,14): error C2039: 'vector': is not a member of 'std' [C:\Users\danny\traceyv2\build\windows-debug\tracey.vcxproj]
  (compiling source file '../../src/ray_tracing/ray_tracing_pipeline/gpu/wavefront/vulkan_wavefront_pipeline.cpp')
      C:\Program Files\Microsoft Visual Studio\2022\Professional\VC\Tools\MSVC\14.44.35207\include\__msvc_string_view.hpp(84,1):
      see declaration of 'std'
  
C:\Users\danny\traceyv2\src\ray_tracing\ray_tracing_pipeline\gpu\wavefront\vulkan_wavefront_pipeline.hpp(59,14): error C7568: argument list missing after assumed function template 'vector' [C:\Users\danny\traceyv2\build\windows-debug\tracey.vcxproj]
  (compiling source file '../../src/ray_tracing/ray_tracing_pipeline/gpu/wavefront/vulkan_wavefront_pipeline.cpp')
  
C:\Users\danny\traceyv2\src\ray_tracing\ray_tracing_pipeline\gpu\wavefront\vulkan_wavefront_pipeline.hpp(59,14): error C2062: type '<error type>' unexpected [C:\Users\danny\traceyv2\build\windows-debug\tracey.vcxproj]
  (compiling source file '../../src/ray_tracing/ray_tracing_pipeline/gpu/wavefront/vulkan_wavefront_pipeline.cpp')
  
C:\Users\danny\traceyv2\src\ray_tracing\ray_tracing_pipeline\gpu\wavefront\vulkan_wavefront_pipeline.hpp(59,49): error C2238: unexpected token(s) preceding ';' [C:\Users\danny\traceyv2\build\windows-debug\tracey.vcxproj]
  (compiling source file '../../src/ray_tracing/ray_tracing_pipeline/gpu/wavefront/vulkan_wavefront_pipeline.cpp')
  
C:\Users\danny\traceyv2\src\ray_tracing\ray_tracing_pipeline\gpu\wavefront\vulkan_wavefront_pipeline.hpp(60,14): error C2039: 'vector': is not a member of 'std' [C:\Users\danny\traceyv2\build\windows-debug\tracey.vcxproj]
  (compiling source file '../../src/ray_tracing/ray_tracing_pipeline/gpu/wavefront/vulkan_wavefront_pipeline.cpp')
      C:\Program Files\Microsoft Visual Studio\2022\Professional\VC\Tools\MSVC\14.44.35207\include\__msvc_string_view.hpp(84,1):
      see declaration of 'std'
  
C:\Users\danny\traceyv2\src\ray_tracing\ray_tracing_pipeline\gpu\wavefront\vulkan_wavefront_pipeline.hpp(60,14): error C7568: argument list missing after assumed function template 'vector' [C:\Users\danny\traceyv2\build\windows-debug\tracey.vcxproj]
  (compiling source file '../../src/ray_tracing/ray_tracing_pipeline/gpu/wavefront/vulkan_wavefront_pipeline.cpp')
  
C:\Users\danny\traceyv2\src\ray_tracing\ray_tracing_pipeline\gpu\wavefront\vulkan_wavefront_pipeline.hpp(60,14): error C2062: type '<error type>' unexpected [C:\Users\danny\traceyv2\build\windows-debug\tracey.vcxproj]
  (compiling source file '../../src/ray_tracing/ray_tracing_pipeline/gpu/wavefront/vulkan_wavefront_pipeline.cpp')
  
C:\Users\danny\traceyv2\src\ray_tracing\ray_tracing_pipeline\gpu\wavefront\vulkan_wavefront_pipeline.hpp(60,50): error C2238: unexpected token(s) preceding ';' [C:\Users\danny\traceyv2\build\windows-debug\tracey.vcxproj]
  (compiling source file '../../src/ray_tracing/ray_tracing_pipeline/gpu/wavefront/vulkan_wavefront_pipeline.cpp')
  
C:\Users\danny\traceyv2\src\ray_tracing\ray_tracing_pipeline\gpu\wavefront\vulkan_wavefront_pipeline.hpp(20,61): error C2065: 'm_hitPipelines': undeclared identifier [C:\Users\danny\traceyv2\build\windows-debug\tracey.vcxproj]
  (compiling source file '../../src/ray_tracing/ray_tracing_pipeline/gpu/wavefront/vulkan_wavefront_pipeline.cpp')
  
C:\Users\danny\traceyv2\src\ray_tracing\ray_tracing_pipeline\gpu\wavefront\vulkan_wavefront_pipeline.hpp(21,62): error C2065: 'm_missPipelines': undeclared identifier [C:\Users\danny\traceyv2\build\windows-debug\tracey.vcxproj]
  (compiling source file '../../src/ray_tracing/ray_tracing_pipeline/gpu/wavefront/vulkan_wavefront_pipeline.cpp')
  
C:\Users\danny\traceyv2\src\ray_tracing\ray_tracing_pipeline\gpu\wavefront\vulkan_wavefront_pipeline.cpp(107,46): warning C4267: '=': conversion from 'size_t' to 'uint32_t', possible loss of data [C:\Users\danny\traceyv2\build\windows-debug\tracey.vcxproj]
C:\Users\danny\traceyv2\src\ray_tracing\ray_tracing_pipeline\gpu\wavefront\vulkan_wavefront_pipeline.cpp(254,9): error C2065: 'm_hitPipelines': undeclared identifier [C:\Users\danny\traceyv2\build\windows-debug\tracey.vcxproj]
C:\Users\danny\traceyv2\src\ray_tracing\ray_tracing_pipeline\gpu\wavefront\vulkan_wavefront_pipeline.cpp(261,88): error C2065: 'm_hitPipelines': undeclared identifier [C:\Users\danny\traceyv2\build\windows-debug\tracey.vcxproj]
C:\Users\danny\traceyv2\src\ray_tracing\ray_tracing_pipeline\gpu\wavefront\vulkan_wavefront_pipeline.cpp(261,17): error C2198: 'PFN_vkCreateShaderModule': too few arguments for call [C:\Users\danny\traceyv2\build\windows-debug\tracey.vcxproj]
C:\Users\danny\traceyv2\src\ray_tracing\ray_tracing_pipeline\gpu\wavefront\vulkan_wavefront_pipeline.cpp(266,13): error C2065: 'm_hitPipelines': undeclared identifier [C:\Users\danny\traceyv2\build\windows-debug\tracey.vcxproj]
C:\Users\danny\traceyv2\src\ray_tracing\ray_tracing_pipeline\gpu\wavefront\vulkan_wavefront_pipeline.cpp(267,13): error C2065: 'm_hitPipelines': undeclared identifier [C:\Users\danny\traceyv2\build\windows-debug\tracey.vcxproj]
C:\Users\danny\traceyv2\src\ray_tracing\ray_tracing_pipeline\gpu\wavefront\vulkan_wavefront_pipeline.cpp(274,41): error C2065: 'm_hitPipelines': undeclared identifier [C:\Users\danny\traceyv2\build\windows-debug\tracey.vcxproj]
C:\Users\danny\traceyv2\src\ray_tracing\ray_tracing_pipeline\gpu\wavefront\vulkan_wavefront_pipeline.cpp(277,107): error C2065: 'm_hitPipelines': undeclared identifier [C:\Users\danny\traceyv2\build\windows-debug\tracey.vcxproj]
C:\Users\danny\traceyv2\src\ray_tracing\ray_tracing_pipeline\gpu\wavefront\vulkan_wavefront_pipeline.cpp(277,17): error C2198: 'PFN_vkCreateComputePipelines': too few arguments for call [C:\Users\danny\traceyv2\build\windows-debug\tracey.vcxproj]
C:\Users\danny\traceyv2\src\ray_tracing\ray_tracing_pipeline\gpu\wavefront\vulkan_wavefront_pipeline.cpp(284,9): error C2065: 'm_missPipelines': undeclared identifier [C:\Users\danny\traceyv2\build\windows-debug\tracey.vcxproj]
C:\Users\danny\traceyv2\src\ray_tracing\ray_tracing_pipeline\gpu\wavefront\vulkan_wavefront_pipeline.cpp(291,88): error C2065: 'm_missPipelines': undeclared identifier [C:\Users\danny\traceyv2\build\windows-debug\tracey.vcxproj]
C:\Users\danny\traceyv2\src\ray_tracing\ray_tracing_pipeline\gpu\wavefront\vulkan_wavefront_pipeline.cpp(291,17): error C2198: 'PFN_vkCreateShaderModule': too few arguments for call [C:\Users\danny\traceyv2\build\windows-debug\tracey.vcxproj]
C:\Users\danny\traceyv2\src\ray_tracing\ray_tracing_pipeline\gpu\wavefront\vulkan_wavefront_pipeline.cpp(296,13): error C2065: 'm_missPipelines': undeclared identifier [C:\Users\danny\traceyv2\build\windows-debug\tracey.vcxproj]
C:\Users\danny\traceyv2\src\ray_tracing\ray_tracing_pipeline\gpu\wavefront\vulkan_wavefront_pipeline.cpp(297,13): error C2065: 'm_missPipelines': undeclared identifier [C:\Users\danny\traceyv2\build\windows-debug\tracey.vcxproj]
C:\Users\danny\traceyv2\src\ray_tracing\ray_tracing_pipeline\gpu\wavefront\vulkan_wavefront_pipeline.cpp(304,41): error C2065: 'm_missPipelines': undeclared identifier [C:\Users\danny\traceyv2\build\windows-debug\tracey.vcxproj]
C:\Users\danny\traceyv2\src\ray_tracing\ray_tracing_pipeline\gpu\wavefront\vulkan_wavefront_pipeline.cpp(307,107): error C2065: 'm_missPipelines': undeclared identifier [C:\Users\danny\traceyv2\build\windows-debug\tracey.vcxproj]
C:\Users\danny\traceyv2\src\ray_tracing\ray_tracing_pipeline\gpu\wavefront\vulkan_wavefront_pipeline.cpp(307,17): error C2198: 'PFN_vkCreateComputePipelines': too few arguments for call [C:\Users\danny\traceyv2\build\windows-debug\tracey.vcxproj]
C:\Users\danny\traceyv2\src\ray_tracing\ray_tracing_pipeline\gpu\wavefront\vulkan_wavefront_pipeline.cpp(458,34): error C2065: 'm_hitPipelines': undeclared identifier [C:\Users\danny\traceyv2\build\windows-debug\tracey.vcxproj]
C:\Users\danny\traceyv2\src\ray_tracing\ray_tracing_pipeline\gpu\wavefront\vulkan_wavefront_pipeline.cpp(458,20): error C2530: 'hitPipeline': references must be initialized [C:\Users\danny\traceyv2\build\windows-debug\tracey.vcxproj]
C:\Users\danny\traceyv2\src\ray_tracing\ray_tracing_pipeline\gpu\wavefront\vulkan_wavefront_pipeline.cpp(458,20): error C3531: 'hitPipeline': a symbol whose type contains 'auto' must have an initializer [C:\Users\danny\traceyv2\build\windows-debug\tracey.vcxproj]
C:\Users\danny\traceyv2\src\ray_tracing\ray_tracing_pipeline\gpu\wavefront\vulkan_wavefront_pipeline.cpp(458,32): error C2143: syntax error: missing ';' before ':' [C:\Users\danny\traceyv2\build\windows-debug\tracey.vcxproj]
C:\Users\danny\traceyv2\src\ray_tracing\ray_tracing_pipeline\gpu\wavefront\vulkan_wavefront_pipeline.cpp(458,48): error C2143: syntax error: missing ';' before ')' [C:\Users\danny\traceyv2\build\windows-debug\tracey.vcxproj]
C:\Users\danny\traceyv2\src\ray_tracing\ray_tracing_pipeline\gpu\wavefront\vulkan_wavefront_pipeline.cpp(461,17): error C2198: 'PFN_vkDestroyPipeline': too few arguments for call [C:\Users\danny\traceyv2\build\windows-debug\tracey.vcxproj]
C:\Users\danny\traceyv2\src\ray_tracing\ray_tracing_pipeline\gpu\wavefront\vulkan_wavefront_pipeline.cpp(464,35): error C2065: 'm_missPipelines': undeclared identifier [C:\Users\danny\traceyv2\build\windows-debug\tracey.vcxproj]
C:\Users\danny\traceyv2\src\ray_tracing\ray_tracing_pipeline\gpu\wavefront\vulkan_wavefront_pipeline.cpp(464,20): error C2530: 'missPipeline': references must be initialized [C:\Users\danny\traceyv2\build\windows-debug\tracey.vcxproj]
C:\Users\danny\traceyv2\src\ray_tracing\ray_tracing_pipeline\gpu\wavefront\vulkan_wavefront_pipeline.cpp(464,20): error C3531: 'missPipeline': a symbol whose type contains 'auto' must have an initializer [C:\Users\danny\traceyv2\build\windows-debug\tracey.vcxproj]
C:\Users\danny\traceyv2\src\ray_tracing\ray_tracing_pipeline\gpu\wavefront\vulkan_wavefront_pipeline.cpp(464,33): error C2143: syntax error: missing ';' before ':' [C:\Users\danny\traceyv2\build\windows-debug\tracey.vcxproj]
C:\Users\danny\traceyv2\src\ray_tracing\ray_tracing_pipeline\gpu\wavefront\vulkan_wavefront_pipeline.cpp(464,50): error C2143: syntax error: missing ';' before ')' [C:\Users\danny\traceyv2\build\windows-debug\tracey.vcxproj]
C:\Users\danny\traceyv2\src\ray_tracing\ray_tracing_pipeline\gpu\wavefront\vulkan_wavefront_pipeline.cpp(467,17): error C2198: 'PFN_vkDestroyPipeline': too few arguments for call [C:\Users\danny\traceyv2\build\windows-debug\tracey.vcxproj]
C:\Users\danny\traceyv2\src\ray_tracing\ray_tracing_pipeline\gpu\wavefront\vulkan_wavefront_pipeline.cpp(481,34): error C2065: 'm_hitPipelines': undeclared identifier [C:\Users\danny\traceyv2\build\windows-debug\tracey.vcxproj]
C:\Users\danny\traceyv2\src\ray_tracing\ray_tracing_pipeline\gpu\wavefront\vulkan_wavefront_pipeline.cpp(481,20): error C2530: 'hitPipeline': references must be initialized [C:\Users\danny\traceyv2\build\windows-debug\tracey.vcxproj]
C:\Users\danny\traceyv2\src\ray_tracing\ray_tracing_pipeline\gpu\wavefront\vulkan_wavefront_pipeline.cpp(481,20): error C3531: 'hitPipeline': a symbol whose type contains 'auto' must have an initializer [C:\Users\danny\traceyv2\build\windows-debug\tracey.vcxproj]
C:\Users\danny\traceyv2\src\ray_tracing\ray_tracing_pipeline\gpu\wavefront\vulkan_wavefront_pipeline.cpp(481,32): error C2143: syntax error: missing ';' before ':' [C:\Users\danny\traceyv2\build\windows-debug\tracey.vcxproj]
C:\Users\danny\traceyv2\src\ray_tracing\ray_tracing_pipeline\gpu\wavefront\vulkan_wavefront_pipeline.cpp(481,48): error C2143: syntax error: missing ';' before ')' [C:\Users\danny\traceyv2\build\windows-debug\tracey.vcxproj]
C:\Users\danny\traceyv2\src\ray_tracing\ray_tracing_pipeline\gpu\wavefront\vulkan_wavefront_pipeline.cpp(484,17): error C2198: 'PFN_vkDestroyShaderModule': too few arguments for call [C:\Users\danny\traceyv2\build\windows-debug\tracey.vcxproj]
C:\Users\danny\traceyv2\src\ray_tracing\ray_tracing_pipeline\gpu\wavefront\vulkan_wavefront_pipeline.cpp(487,35): error C2065: 'm_missPipelines': undeclared identifier [C:\Users\danny\traceyv2\build\windows-debug\tracey.vcxproj]
C:\Users\danny\traceyv2\src\ray_tracing\ray_tracing_pipeline\gpu\wavefront\vulkan_wavefront_pipeline.cpp(487,20): error C2530: 'missPipeline': references must be initialized [C:\Users\danny\traceyv2\build\windows-debug\tracey.vcxproj]
C:\Users\danny\traceyv2\src\ray_tracing\ray_tracing_pipeline\gpu\wavefront\vulkan_wavefront_pipeline.cpp(487,20): error C3531: 'missPipeline': a symbol whose type contains 'auto' must have an initializer [C:\Users\danny\traceyv2\build\windows-debug\tracey.vcxproj]
C:\Users\danny\traceyv2\src\ray_tracing\ray_tracing_pipeline\gpu\wavefront\vulkan_wavefront_pipeline.cpp(487,33): error C2143: syntax error: missing ';' before ':' [C:\Users\danny\traceyv2\build\windows-debug\tracey.vcxproj]
C:\Users\danny\traceyv2\src\ray_tracing\ray_tracing_pipeline\gpu\wavefront\vulkan_wavefront_pipeline.cpp(487,50): error C2143: syntax error: missing ';' before ')' [C:\Users\danny\traceyv2\build\windows-debug\tracey.vcxproj]
C:\Users\danny\traceyv2\src\ray_tracing\ray_tracing_pipeline\gpu\wavefront\vulkan_wavefront_pipeline.cpp(490,17): error C2198: 'PFN_vkDestroyShaderModule': too few arguments for call [C:\Users\danny\traceyv2\build\windows-debug\tracey.vcxproj]
  cpu_ray_tracing_command_buffer.cpp
C:\Users\danny\traceyv2\src\ray_tracing\ray_tracing_pipeline\cpu\runtime\uvec.hpp(40,13): warning C4201: nonstandard extension used: nameless struct/union [C:\Users\danny\traceyv2\build\windows-debug\tracey.vcxproj]
  (compiling source file '../../src/ray_tracing/ray_tracing_command_buffer/cpu/cpu_ray_tracing_command_buffer.cpp')
  
C:\Users\danny\traceyv2\src\ray_tracing\ray_tracing_pipeline\cpu\runtime\uvec.hpp(56,13): warning C4201: nonstandard extension used: nameless struct/union [C:\Users\danny\traceyv2\build\windows-debug\tracey.vcxproj]
  (compiling source file '../../src/ray_tracing/ray_tracing_command_buffer/cpu/cpu_ray_tracing_command_buffer.cpp')
  
C:\Users\danny\traceyv2\src\ray_tracing\ray_tracing_pipeline\cpu\runtime\uvec.hpp(72,13): warning C4201: nonstandard extension used: nameless struct/union [C:\Users\danny\traceyv2\build\windows-debug\tracey.vcxproj]
  (compiling source file '../../src/ray_tracing/ray_tracing_command_buffer/cpu/cpu_ray_tracing_command_buffer.cpp')
  
C:\Users\danny\traceyv2\src\ray_tracing\ray_tracing_pipeline\cpu\runtime\vec.hpp(43,13): warning C4201: nonstandard extension used: nameless struct/union [C:\Users\danny\traceyv2\build\windows-debug\tracey.vcxproj]
  (compiling source file '../../src/ray_tracing/ray_tracing_command_buffer/cpu/cpu_ray_tracing_command_buffer.cpp')
  
C:\Users\danny\traceyv2\src\ray_tracing\ray_tracing_pipeline\cpu\runtime\vec.hpp(47,13): warning C4201: nonstandard extension used: nameless struct/union [C:\Users\danny\traceyv2\build\windows-debug\tracey.vcxproj]
  (compiling source file '../../src/ray_tracing/ray_tracing_command_buffer/cpu/cpu_ray_tracing_command_buffer.cpp')
  
C:\Users\danny\traceyv2\src\ray_tracing\ray_tracing_pipeline\cpu\runtime\vec.hpp(69,13): warning C4201: nonstandard extension used: nameless struct/union [C:\Users\danny\traceyv2\build\windows-debug\tracey.vcxproj]
  (compiling source file '../../src/ray_tracing/ray_tracing_command_buffer/cpu/cpu_ray_tracing_command_buffer.cpp')
  
C:\Users\danny\traceyv2\src\ray_tracing\ray_tracing_pipeline\cpu\runtime\vec.hpp(73,13): warning C4201: nonstandard extension used: nameless struct/union [C:\Users\danny\traceyv2\build\windows-debug\tracey.vcxproj]
  (compiling source file '../../src/ray_tracing/ray_tracing_command_buffer/cpu/cpu_ray_tracing_command_buffer.cpp')
  
C:\Users\danny\traceyv2\src\ray_tracing\ray_tracing_pipeline\cpu\runtime\vec.hpp(106,13): warning C4201: nonstandard extension used: nameless struct/union [C:\Users\danny\traceyv2\build\windows-debug\tracey.vcxproj]
  (compiling source file '../../src/ray_tracing/ray_tracing_command_buffer/cpu/cpu_ray_tracing_command_buffer.cpp')
  
C:\Users\danny\traceyv2\src\ray_tracing\ray_tracing_pipeline\cpu\runtime\vec.hpp(110,13): warning C4201: nonstandard extension used: nameless struct/union [C:\Users\danny\traceyv2\build\windows-debug\tracey.vcxproj]
  (compiling source file '../../src/ray_tracing/ray_tracing_command_buffer/cpu/cpu_ray_tracing_command_buffer.cpp')
  
C:\Users\danny\traceyv2\src\ray_tracing\ray_tracing_pipeline\cpu\runtime\ivec.hpp(40,13): warning C4201: nonstandard extension used: nameless struct/union [C:\Users\danny\traceyv2\build\windows-debug\tracey.vcxproj]
  (compiling source file '../../src/ray_tracing/ray_tracing_command_buffer/cpu/cpu_ray_tracing_command_buffer.cpp')
  
C:\Users\danny\traceyv2\src\ray_tracing\ray_tracing_pipeline\cpu\runtime\ivec.hpp(56,13): warning C4201: nonstandard extension used: nameless struct/union [C:\Users\danny\traceyv2\build\windows-debug\tracey.vcxproj]
  (compiling source file '../../src/ray_tracing/ray_tracing_command_buffer/cpu/cpu_ray_tracing_command_buffer.cpp')
  
C:\Users\danny\traceyv2\src\ray_tracing\ray_tracing_pipeline\cpu\runtime\ivec.hpp(72,13): warning C4201: nonstandard extension used: nameless struct/union [C:\Users\danny\traceyv2\build\windows-debug\tracey.vcxproj]
  (compiling source file '../../src/ray_tracing/ray_tracing_command_buffer/cpu/cpu_ray_tracing_command_buffer.cpp')
  
C:\Users\danny\traceyv2\src\ray_tracing\ray_tracing_command_buffer\cpu\cpu_ray_tracing_command_buffer.cpp(44,43): warning C4267: 'argument': conversion from 'size_t' to 'uint32_t', possible loss of data [C:\Users\danny\traceyv2\build\windows-debug\tracey.vcxproj]
C:\Users\danny\traceyv2\src\ray_tracing\ray_tracing_command_buffer\cpu\cpu_ray_tracing_command_buffer.cpp(83,43): warning C4267: 'argument': conversion from 'size_t' to 'uint32_t', possible loss of data [C:\Users\danny\traceyv2\build\windows-debug\tracey.vcxproj]
C:\Users\danny\traceyv2\src\ray_tracing\ray_tracing_command_buffer\cpu\cpu_ray_tracing_command_buffer.cpp(104,43): warning C4267: 'argument': conversion from 'size_t' to 'uint32_t', possible loss of data [C:\Users\danny\traceyv2\build\windows-debug\tracey.vcxproj]
C:\Users\danny\traceyv2\src\ray_tracing\ray_tracing_command_buffer\cpu\cpu_ray_tracing_command_buffer.cpp(48,74): warning C4100: 'sbt': unreferenced parameter [C:\Users\danny\traceyv2\build\windows-debug\tracey.vcxproj]
C:\Users\danny\traceyv2\src\ray_tracing\ray_tracing_command_buffer\cpu\cpu_ray_tracing_command_buffer.cpp(187,86): warning C4100: 'buffer': unreferenced parameter [C:\Users\danny\traceyv2\build\windows-debug\tracey.vcxproj]
C:\Users\danny\traceyv2\src\ray_tracing\ray_tracing_command_buffer\cpu\cpu_ray_tracing_command_buffer.cpp(187,71): warning C4100: 'image': unreferenced parameter [C:\Users\danny\traceyv2\build\windows-debug\tracey.vcxproj]
C:\Users\danny\traceyv2\src\ray_tracing\ray_tracing_command_buffer\cpu\cpu_ray_tracing_command_buffer.cpp(191,98): warning C4100: 'a': unreferenced parameter [C:\Users\danny\traceyv2\build\windows-debug\tracey.vcxproj]
C:\Users\danny\traceyv2\src\ray_tracing\ray_tracing_command_buffer\cpu\cpu_ray_tracing_command_buffer.cpp(191,89): warning C4100: 'b': unreferenced parameter [C:\Users\danny\traceyv2\build\windows-debug\tracey.vcxproj]
C:\Users\danny\traceyv2\src\ray_tracing\ray_tracing_command_buffer\cpu\cpu_ray_tracing_command_buffer.cpp(191,80): warning C4100: 'g': unreferenced parameter [C:\Users\danny\traceyv2\build\windows-debug\tracey.vcxproj]
C:\Users\danny\traceyv2\src\ray_tracing\ray_tracing_command_buffer\cpu\cpu_ray_tracing_command_buffer.cpp(191,71): warning C4100: 'r': unreferenced parameter [C:\Users\danny\traceyv2\build\windows-debug\tracey.vcxproj]
C:\Users\danny\traceyv2\src\ray_tracing\ray_tracing_command_buffer\cpu\cpu_ray_tracing_command_buffer.cpp(191,58): warning C4100: 'image': unreferenced parameter [C:\Users\danny\traceyv2\build\windows-debug\tracey.vcxproj]
  vulkan_compute_ray_tracing_command_buffer.cpp
C:\Users\danny\traceyv2\src\ray_tracing\ray_tracing_command_buffer\gpu\vulkan_compute_ray_tracing_command_buffer.cpp(101,84): warning C4100: 'sbt': unreferenced parameter [C:\Users\danny\traceyv2\build\windows-debug\tracey.vcxproj]
  cpu_shader_module.cpp
  isf_parser.cpp
  isf_pipeline_builder.cpp
  shader_inputs_buffer.cpp
  Generating Code...
